main.c:78:6:delay_us	16	static
main.c:155:7:resetAll	24	static
main.c:89:5:main	616	static
main.c:162:7:txData	24	static
main.c:177:7:responseScreen	24	static
main.c:222:7:rxData	24	static
main.c:901:6:SystemClock_Config	128	static
main.c:946:13:MX_SPI1_Init	8	static
main.c:986:13:MX_TIM2_Init	64	static
main.c:1045:13:MX_TIM3_Init	64	static
main.c:1104:13:MX_TIM4_Init	64	static
main.c:1163:13:MX_TIM15_Init	40	static
main.c:1209:13:MX_USART1_UART_Init	8	static
main.c:1244:13:MX_GPIO_Init	56	static
main.c:1312:6:Error_Handler	4	static
